###############################################################################
#
# IAR ELF Linker V7.80.3.12102/W32 for ARM                24/Jan/2017  14:16:27
# Copyright 2007-2016 IAR Systems AB.
#
#    Output file  =  
#        C:\inbygdasystem\STM32Cube_FW_F3_V1.7.0\Eget projekt pingpong\Pingpong
#        projekt\Test\Debug\Exe\Test.out
#    Map file     =  
#        C:\inbygdasystem\STM32Cube_FW_F3_V1.7.0\Eget projekt pingpong\Pingpong
#        projekt\Test\Debug\List\Test.map
#    Command line =  
#        "C:\inbygdasystem\STM32Cube_FW_F3_V1.7.0\Eget projekt
#        pingpong\Pingpong projekt\Test\Debug\Obj\main.o"
#        "C:\inbygdasystem\STM32Cube_FW_F3_V1.7.0\Eget projekt
#        pingpong\Pingpong projekt\Test\Debug\Obj\Pingpong_functions.o"
#        "C:\inbygdasystem\STM32Cube_FW_F3_V1.7.0\Eget projekt
#        pingpong\Pingpong projekt\Test\Debug\Obj\startup_stm32f303xc.o"
#        "C:\inbygdasystem\STM32Cube_FW_F3_V1.7.0\Eget projekt
#        pingpong\Pingpong projekt\Test\Debug\Obj\stm32f3xx_hal.o"
#        "C:\inbygdasystem\STM32Cube_FW_F3_V1.7.0\Eget projekt
#        pingpong\Pingpong projekt\Test\Debug\Obj\stm32f3xx_hal_cortex.o"
#        "C:\inbygdasystem\STM32Cube_FW_F3_V1.7.0\Eget projekt
#        pingpong\Pingpong projekt\Test\Debug\Obj\stm32f3xx_hal_dma.o"
#        "C:\inbygdasystem\STM32Cube_FW_F3_V1.7.0\Eget projekt
#        pingpong\Pingpong projekt\Test\Debug\Obj\stm32f3xx_hal_flash.o"
#        "C:\inbygdasystem\STM32Cube_FW_F3_V1.7.0\Eget projekt
#        pingpong\Pingpong projekt\Test\Debug\Obj\stm32f3xx_hal_flash_ex.o"
#        "C:\inbygdasystem\STM32Cube_FW_F3_V1.7.0\Eget projekt
#        pingpong\Pingpong projekt\Test\Debug\Obj\stm32f3xx_hal_gpio.o"
#        "C:\inbygdasystem\STM32Cube_FW_F3_V1.7.0\Eget projekt
#        pingpong\Pingpong projekt\Test\Debug\Obj\stm32f3xx_hal_i2c.o"
#        "C:\inbygdasystem\STM32Cube_FW_F3_V1.7.0\Eget projekt
#        pingpong\Pingpong projekt\Test\Debug\Obj\stm32f3xx_hal_i2c_ex.o"
#        "C:\inbygdasystem\STM32Cube_FW_F3_V1.7.0\Eget projekt
#        pingpong\Pingpong projekt\Test\Debug\Obj\stm32f3xx_hal_msp.o"
#        "C:\inbygdasystem\STM32Cube_FW_F3_V1.7.0\Eget projekt
#        pingpong\Pingpong projekt\Test\Debug\Obj\stm32f3xx_hal_pwr.o"
#        "C:\inbygdasystem\STM32Cube_FW_F3_V1.7.0\Eget projekt
#        pingpong\Pingpong projekt\Test\Debug\Obj\stm32f3xx_hal_pwr_ex.o"
#        "C:\inbygdasystem\STM32Cube_FW_F3_V1.7.0\Eget projekt
#        pingpong\Pingpong projekt\Test\Debug\Obj\stm32f3xx_hal_rcc.o"
#        "C:\inbygdasystem\STM32Cube_FW_F3_V1.7.0\Eget projekt
#        pingpong\Pingpong projekt\Test\Debug\Obj\stm32f3xx_hal_rcc_ex.o"
#        "C:\inbygdasystem\STM32Cube_FW_F3_V1.7.0\Eget projekt
#        pingpong\Pingpong projekt\Test\Debug\Obj\stm32f3xx_hal_tim.o"
#        "C:\inbygdasystem\STM32Cube_FW_F3_V1.7.0\Eget projekt
#        pingpong\Pingpong projekt\Test\Debug\Obj\stm32f3xx_hal_tim_ex.o"
#        "C:\inbygdasystem\STM32Cube_FW_F3_V1.7.0\Eget projekt
#        pingpong\Pingpong projekt\Test\Debug\Obj\stm32f3xx_it.o"
#        "C:\inbygdasystem\STM32Cube_FW_F3_V1.7.0\Eget projekt
#        pingpong\Pingpong projekt\Test\Debug\Obj\system_stm32f3xx.o" -o
#        "C:\inbygdasystem\STM32Cube_FW_F3_V1.7.0\Eget projekt
#        pingpong\Pingpong projekt\Test\Debug\Exe\Test.out" --map
#        "C:\inbygdasystem\STM32Cube_FW_F3_V1.7.0\Eget projekt
#        pingpong\Pingpong projekt\Test\Debug\List\Test.map" --config
#        "C:\inbygdasystem\STM32Cube_FW_F3_V1.7.0\Eget projekt
#        pingpong\Pingpong projekt\EWARM\stm32f303xc_flash.icf" --semihosting
#        --entry __iar_program_start --vfe
#
###############################################################################

*******************************************************************************
*** RUNTIME MODEL ATTRIBUTES
***

CppFlavor       = *
__Heap_Handler  = Basic
__SystemLibrary = DLib


*******************************************************************************
*** PLACEMENT SUMMARY
***

"A0":  place at 0x08000000 { ro section .intvec };
"P1":  place in [from 0x08000000 to 0x0803ffff] { ro };
"P2":  place in [from 0x20000000 to 0x20009fff] { rw, block CSTACK, block HEAP };
initialize by copy { rw };

  Section             Kind        Address    Size  Object
  -------             ----        -------    ----  ------
"A0":                                       0x188
  .intvec             ro code  0x08000000   0x188  startup_stm32f303xc.o [1]
                             - 0x08000188   0x188

"P1":                                      0x1bc0
  .text               ro code  0x08000188   0x48c  main.o [1]
  .text               ro code  0x08000614    0x24  stm32f3xx_hal.o [1]
  .text               ro code  0x08000638    0x24  printf.o [3]
  .text               ro code  0x0800065c   0x24c  Pingpong_functions.o [1]
  .text               ro code  0x080008a8    0x18  stm32f3xx_hal.o [1]
  .text               ro code  0x080008c0   0x480  stm32f3xx_hal_rcc.o [1]
  .text               ro code  0x08000d40    0xc6  stm32f3xx_hal_cortex.o [1]
  .text               ro code  0x08000e08   0x1a8  stm32f3xx_hal_gpio.o [1]
  .text               ro code  0x08000fb0    0x28  stm32f3xx_hal.o [1]
  .text               ro code  0x08000fd8    0x78  stm32f3xx_hal_msp.o [1]
  .text               ro code  0x08001050   0x14e  xprintftiny.o [3]
  .text               ro code  0x080011a0     0xc  stm32f3xx_hal.o [1]
  .text               ro code  0x080011ac    0x36  strlen.o [5]
  .text               ro code  0x080011e2    0xd6  xfspos.o [3]
  .text               ro code  0x080012b8    0xb0  fflush.o [3]
  .text               ro code  0x08001368     0xc  xfgpos.o [3]
  .text               ro code  0x08001374    0x4c  lseek.o [6]
  .text               ro code  0x080013c0     0xc  errno.o [3]
  .text               ro code  0x080013cc     0x4  xsyslock_nop.o [3]
  .text               ro code  0x080013d0    0x10  write.o [6]
  .text               ro code  0x080013e0    0xcc  XShHandles.o [3]
  .text               ro code  0x080014ac     0x2  xtls.o [3]
  .text               ro code  0x080014ae    0x1e  dwrite.o [6]
  .text               ro code  0x080014cc    0x20  iarwstd.o [6]
  .text               ro code  0x080014ec    0x22  iarwrite.o [6]
  .text               ro code  0x08001510    0x6c  iarttio.o [6]
  .text               ro code  0x0800157c     0x8  XShttio.o [3]
  .text               ro code  0x08001584    0xb8  xfwprep.o [3]
  .text               ro code  0x0800163c    0xb0  xxmemxmalloc.o [3]
  .text               ro code  0x080016ec    0x22  fseek.o [3]
  .text               ro code  0x08001710    0x80  xxmemxfree.o [3]
  .text               ro code  0x08001790    0x2c  xgetmemchunk.o [3]
  .text               ro code  0x080017bc    0x80  xfofind.o [3]
  .text               ro code  0x0800183c    0x7c  system_stm32f3xx.o [1]
  .text               ro code  0x080018b8    0x7a  fclose.o [3]
  .text               ro code  0x08001932    0x1a  close.o [6]
  .text               ro code  0x0800194c    0x16  remove.o [6]
  .text               ro code  0x08001964    0x58  xcloseall.o [3]
  .text               ro code  0x080019bc    0x56  fputc.o [3]
  .text               ro code  0x08001a12    0x40  zero_init3.o [5]
  .text               ro code  0x08001a52    0x38  packbits_init_single.o [5]
  .text               ro code  0x08001a8c    0x28  data_init.o [5]
  .text               ro code  0x08001ab4    0x22  fpinit_M.o [4]
  .iar.init_table     const    0x08001ad8    0x20  - Linker created -
  .text               ro code  0x08001af8    0x1a  cmain.o [5]
  .text               ro code  0x08001b12     0x4  low_level_init.o [3]
  .text               ro code  0x08001b16     0x4  exit.o [3]
  .text               ro code  0x08001b1c     0xe  cexit.o [5]
  .text               ro code  0x08001b2c    0x14  exit.o [6]
  .text               ro code  0x08001b40    0x16  xprout.o [3]
  .text               ro code  0x08001b58     0xc  putchar.o [3]
  .text               ro code  0x08001b64    0x10  startup_stm32f303xc.o [1]
  .text               ro code  0x08001b74    0x10  stm32f3xx_hal.o [1]
  .text               ro code  0x08001b84     0xe  stm32f3xx_it.o [1]
  .text               ro code  0x08001b92     0xc  cstartup_M.o [5]
  .text               ro code  0x08001b9e     0x4  startup_stm32f303xc.o [1]
  .text               ro code  0x08001ba2     0x4  startup_stm32f303xc.o [1]
  .text               ro code  0x08001ba6     0x4  startup_stm32f303xc.o [1]
  .text               ro code  0x08001baa     0x4  startup_stm32f303xc.o [1]
  .text               ro code  0x08001bae     0x4  startup_stm32f303xc.o [1]
  .text               ro code  0x08001bb2     0x4  startup_stm32f303xc.o [1]
  .text               ro code  0x08001bb6     0x4  startup_stm32f303xc.o [1]
  .text               ro code  0x08001bba     0x4  startup_stm32f303xc.o [1]
  .text               ro code  0x08001bbe     0x4  startup_stm32f303xc.o [1]
  .text               ro code  0x08001bc2     0x4  startup_stm32f303xc.o [1]
  .text               ro code  0x08001bc6     0x4  startup_stm32f303xc.o [1]
  .text               ro code  0x08001bca     0x4  startup_stm32f303xc.o [1]
  .text               ro code  0x08001bce     0x4  startup_stm32f303xc.o [1]
  .text               ro code  0x08001bd2     0x4  startup_stm32f303xc.o [1]
  .text               ro code  0x08001bd6     0x4  startup_stm32f303xc.o [1]
  .text               ro code  0x08001bda     0x4  startup_stm32f303xc.o [1]
  .text               ro code  0x08001bde     0x4  startup_stm32f303xc.o [1]
  .text               ro code  0x08001be2     0x4  startup_stm32f303xc.o [1]
  .text               ro code  0x08001be6     0x4  startup_stm32f303xc.o [1]
  .text               ro code  0x08001bea     0x4  startup_stm32f303xc.o [1]
  .text               ro code  0x08001bee     0x4  startup_stm32f303xc.o [1]
  .text               ro code  0x08001bf2     0x4  startup_stm32f303xc.o [1]
  .text               ro code  0x08001bf6     0x4  startup_stm32f303xc.o [1]
  .text               ro code  0x08001bfa     0x4  startup_stm32f303xc.o [1]
  .text               ro code  0x08001bfe     0x4  startup_stm32f303xc.o [1]
  .text               ro code  0x08001c02     0x4  startup_stm32f303xc.o [1]
  .text               ro code  0x08001c06     0x4  startup_stm32f303xc.o [1]
  .text               ro code  0x08001c0a     0x4  startup_stm32f303xc.o [1]
  .text               ro code  0x08001c0e     0x4  startup_stm32f303xc.o [1]
  .text               ro code  0x08001c12     0x4  startup_stm32f303xc.o [1]
  .text               ro code  0x08001c16     0x4  startup_stm32f303xc.o [1]
  .text               ro code  0x08001c1a     0x4  startup_stm32f303xc.o [1]
  .text               ro code  0x08001c1e     0x4  startup_stm32f303xc.o [1]
  .text               ro code  0x08001c22     0x4  startup_stm32f303xc.o [1]
  .text               ro code  0x08001c26     0x4  startup_stm32f303xc.o [1]
  .text               ro code  0x08001c2a     0x4  startup_stm32f303xc.o [1]
  .text               ro code  0x08001c2e     0x4  startup_stm32f303xc.o [1]
  .text               ro code  0x08001c32     0x4  startup_stm32f303xc.o [1]
  .text               ro code  0x08001c36     0x4  startup_stm32f303xc.o [1]
  .text               ro code  0x08001c3a     0x4  startup_stm32f303xc.o [1]
  .text               ro code  0x08001c3e     0x4  startup_stm32f303xc.o [1]
  .text               ro code  0x08001c42     0x4  startup_stm32f303xc.o [1]
  .text               ro code  0x08001c46     0x4  startup_stm32f303xc.o [1]
  .text               ro code  0x08001c4a     0x4  startup_stm32f303xc.o [1]
  .text               ro code  0x08001c4e     0x4  startup_stm32f303xc.o [1]
  .text               ro code  0x08001c52     0x4  startup_stm32f303xc.o [1]
  .text               ro code  0x08001c56     0x4  startup_stm32f303xc.o [1]
  .text               ro code  0x08001c5a     0x4  startup_stm32f303xc.o [1]
  .text               ro code  0x08001c5e     0x4  startup_stm32f303xc.o [1]
  .text               ro code  0x08001c62     0x4  startup_stm32f303xc.o [1]
  .text               ro code  0x08001c66     0x4  startup_stm32f303xc.o [1]
  .text               ro code  0x08001c6a     0x4  startup_stm32f303xc.o [1]
  .text               ro code  0x08001c6e     0x4  startup_stm32f303xc.o [1]
  .text               ro code  0x08001c72     0x4  startup_stm32f303xc.o [1]
  .text               ro code  0x08001c76     0x4  startup_stm32f303xc.o [1]
  .text               ro code  0x08001c7a     0x4  startup_stm32f303xc.o [1]
  .text               ro code  0x08001c7e     0x4  startup_stm32f303xc.o [1]
  .text               ro code  0x08001c82     0x4  startup_stm32f303xc.o [1]
  .text               ro code  0x08001c86     0x4  startup_stm32f303xc.o [1]
  .text               ro code  0x08001c8a     0x4  startup_stm32f303xc.o [1]
  .text               ro code  0x08001c8e     0x4  startup_stm32f303xc.o [1]
  .text               ro code  0x08001c92     0x4  startup_stm32f303xc.o [1]
  .text               ro code  0x08001c96     0x4  startup_stm32f303xc.o [1]
  .text               ro code  0x08001c9a     0x4  startup_stm32f303xc.o [1]
  .text               ro code  0x08001c9e     0x4  startup_stm32f303xc.o [1]
  .text               ro code  0x08001ca2     0x4  startup_stm32f303xc.o [1]
  .text               ro code  0x08001ca6     0x4  startup_stm32f303xc.o [1]
  .text               ro code  0x08001caa     0x4  startup_stm32f303xc.o [1]
  .text               ro code  0x08001cae     0x4  startup_stm32f303xc.o [1]
  .text               ro code  0x08001cb2     0x4  startup_stm32f303xc.o [1]
  .text               ro code  0x08001cb6     0x4  startup_stm32f303xc.o [1]
  .text               ro code  0x08001cba     0x4  startup_stm32f303xc.o [1]
  .text               ro code  0x08001cbe     0x4  startup_stm32f303xc.o [1]
  .text               ro code  0x08001cc2     0x4  startup_stm32f303xc.o [1]
  .text               ro code  0x08001cc8     0x0  cstart_closeall.o [5]
  .rodata             const    0x08001cc8     0x0  zero_init3.o [5]
  .rodata             const    0x08001cc8     0x0  packbits_init_single.o [5]
  Initializer bytes   const    0x08001cc8    0x80  <for P2-1>
                             - 0x08001d48  0x1bc0

"P2", part 1 of 3:                           0xf0
  P2-1                         0x20000000    0xf0  <Init block>
    .data             inited   0x20000000     0x4  system_stm32f3xx.o [1]
    .data             inited   0x20000004    0x40  xfiles.o [3]
    .data             inited   0x20000044    0x40  xfiles.o [3]
    .data             inited   0x20000084    0x40  xfiles.o [3]
    .data             inited   0x200000c4    0x20  xfiles.o [3]
    .data             inited   0x200000e4     0x8  XShttio.o [3]
    __DLIB_PERTHREAD  inited   0x200000ec     0x4  errno.o [3]
                             - 0x200000f0    0xf0

"P2", part 2 of 3:                          0x600
  CSTACK                       0x200000f0   0x400  <Block>
    CSTACK            uninit   0x200000f0   0x400  <Block tail>
  HEAP                         0x200004f0   0x200  <Block>
    HEAP              uninit   0x200004f0   0x200  <Block tail>
                             - 0x200006f0   0x600

"P2", part 3 of 3:                          0x130
  .bss                zero     0x200006f0    0x80  XShHandles.o [3]
  .bss                zero     0x20000770    0x50  xfiles.o [3]
  .bss                zero     0x200007c0    0x50  xfiles.o [3]
  .bss                zero     0x20000810     0x8  xxmemxmalloc.o [3]
  .bss                zero     0x20000818     0x4  stm32f3xx_hal.o [1]
  .bss                zero     0x2000081c     0x4  xgetmemchunk.o [3]
                             - 0x20000820   0x130


*******************************************************************************
*** INIT TABLE
***

          Address     Size
          -------     ----
Zero (__iar_zero_init3)
    1 destination range, total size 0x130:
          0x200006f0  0x130

Copy/packbits (__iar_packbits_init_single3)
    1 source range, total size 0x80 (53% of destination):
          0x08001cc8   0x80
    1 destination range, total size 0xf0:
          0x20000000   0xf0



*******************************************************************************
*** MODULE SUMMARY
***

    Module                  ro code  ro data  rw data
    ------                  -------  -------  -------
C:\inbygdasystem\STM32Cube_FW_F3_V1.7.0\Eget projekt pingpong\Pingpong projekt\Test\Debug\Obj: [1]
    Pingpong_functions.o        588
    main.o                    1 164
    startup_stm32f303xc.o       704
    stm32f3xx_hal.o             128                 4
    stm32f3xx_hal_cortex.o      198
    stm32f3xx_hal_gpio.o        424
    stm32f3xx_hal_msp.o         120
    stm32f3xx_hal_rcc.o       1 152
    stm32f3xx_it.o               14
    system_stm32f3xx.o          124        2        4
    -------------------------------------------------
    Total:                    4 616        2        8

command line: [2]
    -------------------------------------------------
    Total:

dl7M_tlf.a: [3]
    XShHandles.o                204               128
    XShttio.o                     8        4        8
    errno.o                      12        3        4
    exit.o                        4
    fclose.o                    122
    fflush.o                    176
    fputc.o                      86
    fseek.o                      34
    low_level_init.o              4
    printf.o                     36
    putchar.o                    12
    xcloseall.o                  88
    xfgpos.o                     12
    xfiles.o                             119      384
    xfofind.o                   128
    xfspos.o                    214
    xfwprep.o                   184
    xgetmemchunk.o               44                 4
    xprintftiny.o               334
    xprout.o                     22
    xsyslock_nop.o                4
    xtls.o                        2
    xxmemxfree.o                128
    xxmemxmalloc.o              176                 8
    -------------------------------------------------
    Total:                    2 034      126      536

m7M_tls.a: [4]
    fpinit_M.o                   34
    -------------------------------------------------
    Total:                       34

rt7M_tl.a: [5]
    cexit.o                      14
    cmain.o                      26
    cstart_closeall.o
    cstartup_M.o                 12
    data_init.o                  40
    packbits_init_single.o       56
    strlen.o                     54
    zero_init3.o                 64
    -------------------------------------------------
    Total:                      266

shb_l.a: [6]
    close.o                      26
    dwrite.o                     30
    exit.o                       20
    iarttio.o                   108
    iarwrite.o                   34
    iarwstd.o                    32
    lseek.o                      76
    remove.o                     22
    write.o                      16
    -------------------------------------------------
    Total:                      364

    Gaps                         20        2
    Linker created                        32    1 536
-----------------------------------------------------
    Grand Total:              7 334      162    2 080


*******************************************************************************
*** ENTRY LIST
***

Entry                      Address   Size  Type      Object
-----                      -------   ----  ----      ------
.iar.init_table$$Base   0x08001ad8          --   Gb  - Linker created -
.iar.init_table$$Limit  0x08001af8          --   Gb  - Linker created -
?main                   0x08001af9         Code  Gb  cmain.o [5]
AHBPrescTable           0x080018a8   0x10  Data  Gb  system_stm32f3xx.o [1]
CSTACK$$Base            0x200000f0          --   Gb  - Linker created -
CSTACK$$Limit           0x200004f0          --   Gb  - Linker created -
HAL_Delay               0x080008a9   0x18  Code  Wk  stm32f3xx_hal.o [1]
HAL_GPIO_Init           0x08000e09  0x16c  Code  Gb  stm32f3xx_hal_gpio.o [1]
HAL_GPIO_ReadPin        0x08000f7f    0xc  Code  Gb  stm32f3xx_hal_gpio.o [1]
HAL_GPIO_WritePin       0x08000f8b    0xa  Code  Gb  stm32f3xx_hal_gpio.o [1]
HAL_GetTick             0x080011a1    0xc  Code  Wk  stm32f3xx_hal.o [1]
HAL_IncTick             0x08001b75   0x10  Code  Wk  stm32f3xx_hal.o [1]
HAL_Init                0x08000615   0x20  Code  Gb  stm32f3xx_hal.o [1]
HAL_InitTick            0x08000fb1   0x28  Code  Wk  stm32f3xx_hal.o [1]
HAL_MspInit             0x08000fd9   0x78  Code  Gb  stm32f3xx_hal_msp.o [1]
HAL_NVIC_SetPriority    0x08000d75   0x3a  Code  Gb  stm32f3xx_hal_cortex.o [1]
HAL_NVIC_SetPriorityGrouping
                        0x08000d5b   0x1a  Code  Gb  stm32f3xx_hal_cortex.o [1]
HAL_RCC_ClockConfig     0x08000b93  0x112  Code  Gb  stm32f3xx_hal_rcc.o [1]
HAL_RCC_GetHCLKFreq     0x08000cf3    0x6  Code  Gb  stm32f3xx_hal_rcc.o [1]
HAL_RCC_GetSysClockFreq
                        0x08000cb9   0x3a  Code  Gb  stm32f3xx_hal_rcc.o [1]
HAL_RCC_OscConfig       0x080008c1  0x2c0  Code  Gb  stm32f3xx_hal_rcc.o [1]
HAL_SYSTICK_CLKSourceConfig
                        0x08000dd7   0x14  Code  Gb  stm32f3xx_hal_cortex.o [1]
HAL_SYSTICK_Callback    0x08000e05    0x2  Code  Wk  stm32f3xx_hal_cortex.o [1]
HAL_SYSTICK_Config      0x08000daf   0x28  Code  Gb  stm32f3xx_hal_cortex.o [1]
HAL_SYSTICK_IRQHandler  0x08000e01    0x4  Code  Gb  stm32f3xx_hal_cortex.o [1]
HEAP$$Base              0x200004f0          --   Gb  - Linker created -
HEAP$$Limit             0x200006f0          --   Gb  - Linker created -
L_hit                   0x08000875    0xa  Code  Gb  Pingpong_functions.o [1]
Led_on                  0x0800065d   0xac  Code  Gb  Pingpong_functions.o [1]
MX_GPIO_Init            0x0800032b  0x182  Code  Lc  main.o [1]
NVIC_SetPriority        0x08000d41   0x1a  Code  Lc  stm32f3xx_hal_cortex.o [1]
R_hit                   0x0800088d   0x10  Code  Gb  Pingpong_functions.o [1]
Region$$Table$$Base     0x08001ad8          --   Gb  - Linker created -
Region$$Table$$Limit    0x08001af8          --   Gb  - Linker created -
Show_points             0x08000713   0xee  Code  Gb  Pingpong_functions.o [1]
SysTick_Handler         0x08001b85    0xe  Code  Gb  stm32f3xx_it.o [1]
SystemClock_Config      0x080002b7   0x74  Code  Gb  main.o [1]
SystemCoreClock         0x20000000    0x4  Data  Gb  system_stm32f3xx.o [1]
SystemInit              0x0800183d   0x52  Code  Gb  system_stm32f3xx.o [1]
_Close_all              0x08001965   0x58  Code  Gb  xcloseall.o [3]
_Files                  0x200000c4   0x20  Data  Gb  xfiles.o [3]
_Fofree                 0x080017bd   0x78  Code  Gb  xfofind.o [3]
_Fspos                  0x080011e3   0xd6  Code  Gb  xfspos.o [3]
_Fwprep                 0x08001585   0xb8  Code  Gb  xfwprep.o [3]
_Nnl                    0x08001369    0xc  Code  Gb  xfgpos.o [3]
_PrintfTiny             0x08001069  0x136  Code  Gb  xprintftiny.o [3]
_Prout                  0x08001b41   0x16  Code  Gb  xprout.o [3]
__aeabi_errno_addr      0x080013c1    0x6  Code  Gb  errno.o [3]
__cexit_closeall        0x08001b1f         Code  Gb  cexit.o [5]
__close                 0x08001933   0x1a  Code  Gb  close.o [6]
__cmain                 0x08001af9         Code  Gb  cmain.o [5]
__cstart_closeall       0x08001cc8         Data  Gb  cstart_closeall.o [5]
__data_Aldata           0x20000810    0x8  Data  Gb  xxmemxmalloc.o [3]
__data_GetMemChunk      0x08001791   0x2c  Code  Gb  xgetmemchunk.o [3]
__data_GetMemChunk::start
                        0x2000081c    0x4  Data  Lc  xgetmemchunk.o [3]
__dwrite                0x080014af   0x1e  Code  Gb  dwrite.o [6]
__exit                  0x08001b2d   0x14  Code  Gb  exit.o [6]
__iar_Errno             0x200000ec    0x4  Data  Gb  errno.o [3]
__iar_Lockfilelock      0x080013cd    0x2  Code  Gb  xsyslock_nop.o [3]
__iar_Stderr            0x20000084   0x40  Data  Gb  xfiles.o [3]
__iar_Stdin             0x20000004   0x40  Data  Gb  xfiles.o [3]
__iar_Stdout            0x20000044   0x40  Data  Gb  xfiles.o [3]
__iar_Unlockfilelock    0x080013cf    0x2  Code  Gb  xsyslock_nop.o [3]
__iar_close_ttio        0x08001511   0x2e  Code  Gb  iarttio.o [6]
__iar_data_init3        0x08001a8d   0x28  Code  Gb  data_init.o [5]
__iar_dlib_perthread_access
                        0x080014ad    0x2  Code  Gb  xtls.o [3]
__iar_get_ttio          0x08001541   0x38  Code  Gb  iarttio.o [6]
__iar_init_vfp          0x08001ab5         Code  Gb  fpinit_M.o [4]
__iar_lookup_ttioh      0x0800157d    0x8  Code  Gb  XShttio.o [3]
__iar_packbits_init_single3
                        0x08001a53   0x38  Code  Gb  packbits_init_single.o [5]
__iar_program_start     0x08001b93         Code  Gb  cstartup_M.o [5]
__iar_sh_Discard        0x080013e1   0x3e  Code  Gb  XShHandles.o [3]
__iar_sh_Move           0x08001425   0x46  Code  Gb  XShHandles.o [3]
__iar_sh_Pos            0x0800146b   0x3e  Code  Gb  XShHandles.o [3]
__iar_sh_stdout         0x080014cd   0x20  Code  Gb  iarwstd.o [6]
__iar_sh_write          0x080014ed   0x22  Code  Gb  iarwrite.o [6]
__iar_ttio_handles      0x200000e4    0x8  Data  Lc  XShttio.o [3]
__iar_zero_init3        0x08001a13   0x40  Code  Gb  zero_init3.o [5]
__low_level_init        0x08001b13    0x4  Code  Gb  low_level_init.o [3]
__lseek                 0x08001375   0x4c  Code  Gb  lseek.o [6]
__vector_table          0x08000000         Data  Gb  startup_stm32f303xc.o [1]
__write                 0x080013d1   0x10  Code  Gb  write.o [6]
_call_main              0x08001b05         Code  Gb  cmain.o [5]
_exit                   0x08001b1d         Code  Gb  cexit.o [5]
_main                   0x08001b0f         Code  Gb  cmain.o [5]
aPLLMULFactorTable      0x08000d20   0x10  Data  Gb  stm32f3xx_hal_rcc.o [1]
aPredivFactorTable      0x08000d30   0x10  Data  Gb  stm32f3xx_hal_rcc.o [1]
ebuf                    0x20000770   0x50  Data  Lc  xfiles.o [3]
exit                    0x08001b17    0x4  Code  Gb  exit.o [3]
fclose                  0x080018b9   0x7a  Code  Gb  fclose.o [3]
fflush                  0x0800132f   0x34  Code  Gb  fflush.o [3]
fflushOne               0x080012b9   0x76  Code  Lc  fflush.o [3]
fputc                   0x080019bd   0x56  Code  Gb  fputc.o [3]
free                    0x08001711   0x7a  Code  Gb  xxmemxfree.o [3]
fseek                   0x080016ed   0x22  Code  Gb  fseek.o [3]
main                    0x08000189  0x108  Code  Gb  main.o [1]
malloc                  0x0800163d   0xac  Code  Gb  xxmemxmalloc.o [3]
obuf                    0x200007c0   0x50  Data  Lc  xfiles.o [3]
out                     0x08001051   0x18  Code  Lc  xprintftiny.o [3]
printf                  0x08000639   0x24  Code  Gb  printf.o [3]
putchar                 0x08001b59    0xc  Code  Gb  putchar.o [3]
remove                  0x0800194d   0x16  Code  Gb  remove.o [6]
sFileInfo               0x200006f0   0x80  Data  Lc  XShHandles.o [3]
strlen                  0x080011ad         Code  Gb  strlen.o [5]
uwTick                  0x20000818    0x4  Data  Gb  stm32f3xx_hal.o [1]


[1] = C:\inbygdasystem\STM32Cube_FW_F3_V1.7.0\Eget projekt pingpong\Pingpong projekt\Test\Debug\Obj
[2] = command line
[3] = dl7M_tlf.a
[4] = m7M_tls.a
[5] = rt7M_tl.a
[6] = shb_l.a

  7 334 bytes of readonly  code memory
    162 bytes of readonly  data memory
  2 080 bytes of readwrite data memory

Errors: none
Warnings: none
