###############################################################################
#
# IAR ELF Linker V7.80.3.12102/W32 for ARM                25/Jan/2017  21:44:20
# Copyright 2007-2016 IAR Systems AB.
#
#    Output file  =  
#        C:\inbygdasystem\STM32Cube_FW_F3_V1.7.0\Eget projekt pingpong\Pingpong
#        projekt\EWARM\Pingpong projekt\Exe\Pingpong projekt.out
#    Map file     =  
#        C:\inbygdasystem\STM32Cube_FW_F3_V1.7.0\Eget projekt pingpong\Pingpong
#        projekt\EWARM\Pingpong projekt\List\Pingpong projekt.map
#    Command line =  
#        "C:\inbygdasystem\STM32Cube_FW_F3_V1.7.0\Eget projekt
#        pingpong\Pingpong projekt\EWARM\Pingpong projekt\Obj\main.o"
#        "C:\inbygdasystem\STM32Cube_FW_F3_V1.7.0\Eget projekt
#        pingpong\Pingpong projekt\EWARM\Pingpong
#        projekt\Obj\startup_stm32f303xc.o"
#        "C:\inbygdasystem\STM32Cube_FW_F3_V1.7.0\Eget projekt
#        pingpong\Pingpong projekt\EWARM\Pingpong projekt\Obj\stm32f3xx_hal.o"
#        "C:\inbygdasystem\STM32Cube_FW_F3_V1.7.0\Eget projekt
#        pingpong\Pingpong projekt\EWARM\Pingpong
#        projekt\Obj\stm32f3xx_hal_cortex.o"
#        "C:\inbygdasystem\STM32Cube_FW_F3_V1.7.0\Eget projekt
#        pingpong\Pingpong projekt\EWARM\Pingpong
#        projekt\Obj\stm32f3xx_hal_dma.o"
#        "C:\inbygdasystem\STM32Cube_FW_F3_V1.7.0\Eget projekt
#        pingpong\Pingpong projekt\EWARM\Pingpong
#        projekt\Obj\stm32f3xx_hal_flash.o"
#        "C:\inbygdasystem\STM32Cube_FW_F3_V1.7.0\Eget projekt
#        pingpong\Pingpong projekt\EWARM\Pingpong
#        projekt\Obj\stm32f3xx_hal_flash_ex.o"
#        "C:\inbygdasystem\STM32Cube_FW_F3_V1.7.0\Eget projekt
#        pingpong\Pingpong projekt\EWARM\Pingpong
#        projekt\Obj\stm32f3xx_hal_gpio.o"
#        "C:\inbygdasystem\STM32Cube_FW_F3_V1.7.0\Eget projekt
#        pingpong\Pingpong projekt\EWARM\Pingpong
#        projekt\Obj\stm32f3xx_hal_i2c.o"
#        "C:\inbygdasystem\STM32Cube_FW_F3_V1.7.0\Eget projekt
#        pingpong\Pingpong projekt\EWARM\Pingpong
#        projekt\Obj\stm32f3xx_hal_i2c_ex.o"
#        "C:\inbygdasystem\STM32Cube_FW_F3_V1.7.0\Eget projekt
#        pingpong\Pingpong projekt\EWARM\Pingpong
#        projekt\Obj\stm32f3xx_hal_msp.o"
#        "C:\inbygdasystem\STM32Cube_FW_F3_V1.7.0\Eget projekt
#        pingpong\Pingpong projekt\EWARM\Pingpong
#        projekt\Obj\stm32f3xx_hal_pwr.o"
#        "C:\inbygdasystem\STM32Cube_FW_F3_V1.7.0\Eget projekt
#        pingpong\Pingpong projekt\EWARM\Pingpong
#        projekt\Obj\stm32f3xx_hal_pwr_ex.o"
#        "C:\inbygdasystem\STM32Cube_FW_F3_V1.7.0\Eget projekt
#        pingpong\Pingpong projekt\EWARM\Pingpong
#        projekt\Obj\stm32f3xx_hal_rcc.o"
#        "C:\inbygdasystem\STM32Cube_FW_F3_V1.7.0\Eget projekt
#        pingpong\Pingpong projekt\EWARM\Pingpong
#        projekt\Obj\stm32f3xx_hal_rcc_ex.o"
#        "C:\inbygdasystem\STM32Cube_FW_F3_V1.7.0\Eget projekt
#        pingpong\Pingpong projekt\EWARM\Pingpong
#        projekt\Obj\stm32f3xx_hal_tim.o"
#        "C:\inbygdasystem\STM32Cube_FW_F3_V1.7.0\Eget projekt
#        pingpong\Pingpong projekt\EWARM\Pingpong
#        projekt\Obj\stm32f3xx_hal_tim_ex.o"
#        "C:\inbygdasystem\STM32Cube_FW_F3_V1.7.0\Eget projekt
#        pingpong\Pingpong projekt\EWARM\Pingpong projekt\Obj\stm32f3xx_it.o"
#        "C:\inbygdasystem\STM32Cube_FW_F3_V1.7.0\Eget projekt
#        pingpong\Pingpong projekt\EWARM\Pingpong
#        projekt\Obj\system_stm32f3xx.o" --redirect _Printf=_PrintfFull
#        --redirect _Scanf=_ScanfFull -o
#        "C:\inbygdasystem\STM32Cube_FW_F3_V1.7.0\Eget projekt
#        pingpong\Pingpong projekt\EWARM\Pingpong projekt\Exe\Pingpong
#        projekt.out" --map "C:\inbygdasystem\STM32Cube_FW_F3_V1.7.0\Eget
#        projekt pingpong\Pingpong projekt\EWARM\Pingpong projekt\List\Pingpong
#        projekt.map" --config "C:\inbygdasystem\STM32Cube_FW_F3_V1.7.0\Eget
#        projekt pingpong\Pingpong projekt\EWARM/stm32f303xc_flash.icf"
#        --semihosting --entry __iar_program_start --vfe
#
###############################################################################

*******************************************************************************
*** RUNTIME MODEL ATTRIBUTES
***

CppFlavor       = *
__SystemLibrary = DLib


*******************************************************************************
*** PLACEMENT SUMMARY
***

"A0":  place at 0x08000000 { ro section .intvec };
"P1":  place in [from 0x08000000 to 0x0803ffff] { ro };
"P2":  place in [from 0x20000000 to 0x20009fff] { rw, block CSTACK, block HEAP };
initialize by copy { rw };

  Section            Kind        Address    Size  Object
  -------            ----        -------    ----  ------
"A0":                                      0x188
  .intvec            ro code  0x08000000   0x188  startup_stm32f303xc.o [1]
                            - 0x08000188   0x188

"P1":                                     0x10f8
  .text              ro code  0x08000188   0x662  main.o [1]
  .text              ro code  0x080007ec   0x1a8  stm32f3xx_hal_gpio.o [1]
  .text              ro code  0x08000994    0x18  stm32f3xx_hal.o [1]
  .text              ro code  0x080009ac    0x24  stm32f3xx_hal.o [1]
  .text              ro code  0x080009d0   0x480  stm32f3xx_hal_rcc.o [1]
  .text              ro code  0x08000e50    0xc6  stm32f3xx_hal_cortex.o [1]
  .text              ro code  0x08000f18     0xc  stm32f3xx_hal.o [1]
  .text              ro code  0x08000f24    0x28  stm32f3xx_hal.o [1]
  .text              ro code  0x08000f4c    0x78  stm32f3xx_hal_msp.o [1]
  .text              ro code  0x08000fc4    0x7c  system_stm32f3xx.o [1]
  .text              ro code  0x08001040    0x2c  copy_init3.o [5]
  .text              ro code  0x0800106c    0x28  data_init.o [5]
  .text              ro code  0x08001094    0x22  fpinit_M.o [4]
  .iar.init_table    const    0x080010b8    0x14  - Linker created -
  .text              ro code  0x080010cc    0x1a  cmain.o [5]
  .text              ro code  0x080010e6     0x4  low_level_init.o [3]
  .text              ro code  0x080010ea     0x4  exit.o [3]
  .text              ro code  0x080010f0     0xa  cexit.o [5]
  .text              ro code  0x080010fc    0x14  exit.o [6]
  .text              ro code  0x08001110    0x10  startup_stm32f303xc.o [1]
  .text              ro code  0x08001120    0x10  stm32f3xx_hal.o [1]
  .text              ro code  0x08001130     0xe  stm32f3xx_it.o [1]
  .text              ro code  0x0800113e     0xc  cstartup_M.o [5]
  Initializer bytes  const    0x0800114c     0xc  <for P2-1>
  .text              ro code  0x08001158     0x4  startup_stm32f303xc.o [1]
  .text              ro code  0x0800115c     0x4  startup_stm32f303xc.o [1]
  .text              ro code  0x08001160     0x4  startup_stm32f303xc.o [1]
  .text              ro code  0x08001164     0x4  startup_stm32f303xc.o [1]
  .text              ro code  0x08001168     0x4  startup_stm32f303xc.o [1]
  .text              ro code  0x0800116c     0x4  startup_stm32f303xc.o [1]
  .text              ro code  0x08001170     0x4  startup_stm32f303xc.o [1]
  .text              ro code  0x08001174     0x4  startup_stm32f303xc.o [1]
  .text              ro code  0x08001178     0x4  startup_stm32f303xc.o [1]
  .text              ro code  0x0800117c     0x4  startup_stm32f303xc.o [1]
  .text              ro code  0x08001180     0x4  startup_stm32f303xc.o [1]
  .text              ro code  0x08001184     0x4  startup_stm32f303xc.o [1]
  .text              ro code  0x08001188     0x4  startup_stm32f303xc.o [1]
  .text              ro code  0x0800118c     0x4  startup_stm32f303xc.o [1]
  .text              ro code  0x08001190     0x4  startup_stm32f303xc.o [1]
  .text              ro code  0x08001194     0x4  startup_stm32f303xc.o [1]
  .text              ro code  0x08001198     0x4  startup_stm32f303xc.o [1]
  .text              ro code  0x0800119c     0x4  startup_stm32f303xc.o [1]
  .text              ro code  0x080011a0     0x4  startup_stm32f303xc.o [1]
  .text              ro code  0x080011a4     0x4  startup_stm32f303xc.o [1]
  .text              ro code  0x080011a8     0x4  startup_stm32f303xc.o [1]
  .text              ro code  0x080011ac     0x4  startup_stm32f303xc.o [1]
  .text              ro code  0x080011b0     0x4  startup_stm32f303xc.o [1]
  .text              ro code  0x080011b4     0x4  startup_stm32f303xc.o [1]
  .text              ro code  0x080011b8     0x4  startup_stm32f303xc.o [1]
  .text              ro code  0x080011bc     0x4  startup_stm32f303xc.o [1]
  .text              ro code  0x080011c0     0x4  startup_stm32f303xc.o [1]
  .text              ro code  0x080011c4     0x4  startup_stm32f303xc.o [1]
  .text              ro code  0x080011c8     0x4  startup_stm32f303xc.o [1]
  .text              ro code  0x080011cc     0x4  startup_stm32f303xc.o [1]
  .text              ro code  0x080011d0     0x4  startup_stm32f303xc.o [1]
  .text              ro code  0x080011d4     0x4  startup_stm32f303xc.o [1]
  .text              ro code  0x080011d8     0x4  startup_stm32f303xc.o [1]
  .text              ro code  0x080011dc     0x4  startup_stm32f303xc.o [1]
  .text              ro code  0x080011e0     0x4  startup_stm32f303xc.o [1]
  .text              ro code  0x080011e4     0x4  startup_stm32f303xc.o [1]
  .text              ro code  0x080011e8     0x4  startup_stm32f303xc.o [1]
  .text              ro code  0x080011ec     0x4  startup_stm32f303xc.o [1]
  .text              ro code  0x080011f0     0x4  startup_stm32f303xc.o [1]
  .text              ro code  0x080011f4     0x4  startup_stm32f303xc.o [1]
  .text              ro code  0x080011f8     0x4  startup_stm32f303xc.o [1]
  .text              ro code  0x080011fc     0x4  startup_stm32f303xc.o [1]
  .text              ro code  0x08001200     0x4  startup_stm32f303xc.o [1]
  .text              ro code  0x08001204     0x4  startup_stm32f303xc.o [1]
  .text              ro code  0x08001208     0x4  startup_stm32f303xc.o [1]
  .text              ro code  0x0800120c     0x4  startup_stm32f303xc.o [1]
  .text              ro code  0x08001210     0x4  startup_stm32f303xc.o [1]
  .text              ro code  0x08001214     0x4  startup_stm32f303xc.o [1]
  .text              ro code  0x08001218     0x4  startup_stm32f303xc.o [1]
  .text              ro code  0x0800121c     0x4  startup_stm32f303xc.o [1]
  .text              ro code  0x08001220     0x4  startup_stm32f303xc.o [1]
  .text              ro code  0x08001224     0x4  startup_stm32f303xc.o [1]
  .text              ro code  0x08001228     0x4  startup_stm32f303xc.o [1]
  .text              ro code  0x0800122c     0x4  startup_stm32f303xc.o [1]
  .text              ro code  0x08001230     0x4  startup_stm32f303xc.o [1]
  .text              ro code  0x08001234     0x4  startup_stm32f303xc.o [1]
  .text              ro code  0x08001238     0x4  startup_stm32f303xc.o [1]
  .text              ro code  0x0800123c     0x4  startup_stm32f303xc.o [1]
  .text              ro code  0x08001240     0x4  startup_stm32f303xc.o [1]
  .text              ro code  0x08001244     0x4  startup_stm32f303xc.o [1]
  .text              ro code  0x08001248     0x4  startup_stm32f303xc.o [1]
  .text              ro code  0x0800124c     0x4  startup_stm32f303xc.o [1]
  .text              ro code  0x08001250     0x4  startup_stm32f303xc.o [1]
  .text              ro code  0x08001254     0x4  startup_stm32f303xc.o [1]
  .text              ro code  0x08001258     0x4  startup_stm32f303xc.o [1]
  .text              ro code  0x0800125c     0x4  startup_stm32f303xc.o [1]
  .text              ro code  0x08001260     0x4  startup_stm32f303xc.o [1]
  .text              ro code  0x08001264     0x4  startup_stm32f303xc.o [1]
  .text              ro code  0x08001268     0x4  startup_stm32f303xc.o [1]
  .text              ro code  0x0800126c     0x4  startup_stm32f303xc.o [1]
  .text              ro code  0x08001270     0x4  startup_stm32f303xc.o [1]
  .text              ro code  0x08001274     0x4  startup_stm32f303xc.o [1]
  .text              ro code  0x08001278     0x4  startup_stm32f303xc.o [1]
  .text              ro code  0x0800127c     0x4  startup_stm32f303xc.o [1]
  .rodata            const    0x08001280     0x0  copy_init3.o [5]
                            - 0x08001280  0x10f8

"P2", part 1 of 2:                           0xc
  P2-1                        0x20000000     0xa  <Init block>
    .data            inited   0x20000000     0x4  system_stm32f3xx.o [1]
    .bss             inited   0x20000004     0x4  stm32f3xx_hal.o [1]
    .bss             inited   0x20000008     0x2  main.o [1]
                            - 0x2000000a     0xa

"P2", part 2 of 2:                         0x400
  CSTACK                      0x20000010   0x400  <Block>
    CSTACK           uninit   0x20000010   0x400  <Block tail>
                            - 0x20000410   0x400


*******************************************************************************
*** INIT TABLE
***

          Address     Size
          -------     ----
Copy (__iar_copy_init3)
    1 source range, total size 0xc (120% of destination):
          0x0800114c   0xc
    1 destination range, total size 0xa:
          0x20000000   0xa



*******************************************************************************
*** MODULE SUMMARY
***

    Module                  ro code  ro data  rw data
    ------                  -------  -------  -------
C:\inbygdasystem\STM32Cube_FW_F3_V1.7.0\Eget projekt pingpong\Pingpong projekt\EWARM\Pingpong projekt\Obj: [1]
    main.o                    1 634        2        2
    startup_stm32f303xc.o       704
    stm32f3xx_hal.o             128        4        4
    stm32f3xx_hal_cortex.o      198
    stm32f3xx_hal_gpio.o        424
    stm32f3xx_hal_msp.o         120
    stm32f3xx_hal_rcc.o       1 152
    stm32f3xx_it.o               14
    system_stm32f3xx.o          124        4        4
    -------------------------------------------------
    Total:                    4 498       10       10

command line: [2]
    -------------------------------------------------
    Total:

dl7M_tlf.a: [3]
    exit.o                        4
    low_level_init.o              4
    -------------------------------------------------
    Total:                        8

m7M_tls.a: [4]
    fpinit_M.o                   34
    -------------------------------------------------
    Total:                       34

rt7M_tl.a: [5]
    cexit.o                      10
    cmain.o                      26
    copy_init3.o                 44
    cstartup_M.o                 12
    data_init.o                  40
    -------------------------------------------------
    Total:                      132

shb_l.a: [6]
    exit.o                       20
    -------------------------------------------------
    Total:                       20

    Gaps                          8        2
    Linker created                        24    1 024
-----------------------------------------------------
    Grand Total:              4 700       36    1 034


*******************************************************************************
*** ENTRY LIST
***

Entry                      Address   Size  Type      Object
-----                      -------   ----  ----      ------
.iar.init_table$$Base   0x080010b8          --   Gb  - Linker created -
.iar.init_table$$Limit  0x080010cc          --   Gb  - Linker created -
?main                   0x080010cd         Code  Gb  cmain.o [5]
AHBPrescTable           0x08001030   0x10  Data  Gb  system_stm32f3xx.o [1]
CSTACK$$Base            0x20000010          --   Gb  - Linker created -
CSTACK$$Limit           0x20000410          --   Gb  - Linker created -
HAL_Delay               0x08000995   0x18  Code  Wk  stm32f3xx_hal.o [1]
HAL_GPIO_Init           0x080007ed  0x16c  Code  Gb  stm32f3xx_hal_gpio.o [1]
HAL_GPIO_ReadPin        0x08000963    0xc  Code  Gb  stm32f3xx_hal_gpio.o [1]
HAL_GPIO_WritePin       0x0800096f    0xa  Code  Gb  stm32f3xx_hal_gpio.o [1]
HAL_GetTick             0x08000f19    0xc  Code  Wk  stm32f3xx_hal.o [1]
HAL_IncTick             0x08001121   0x10  Code  Wk  stm32f3xx_hal.o [1]
HAL_Init                0x080009ad   0x20  Code  Gb  stm32f3xx_hal.o [1]
HAL_InitTick            0x08000f25   0x28  Code  Wk  stm32f3xx_hal.o [1]
HAL_MspInit             0x08000f4d   0x78  Code  Gb  stm32f3xx_hal_msp.o [1]
HAL_NVIC_SetPriority    0x08000e85   0x3a  Code  Gb  stm32f3xx_hal_cortex.o [1]
HAL_NVIC_SetPriorityGrouping
                        0x08000e6b   0x1a  Code  Gb  stm32f3xx_hal_cortex.o [1]
HAL_RCC_ClockConfig     0x08000ca3  0x112  Code  Gb  stm32f3xx_hal_rcc.o [1]
HAL_RCC_GetHCLKFreq     0x08000e03    0x6  Code  Gb  stm32f3xx_hal_rcc.o [1]
HAL_RCC_GetSysClockFreq
                        0x08000dc9   0x3a  Code  Gb  stm32f3xx_hal_rcc.o [1]
HAL_RCC_OscConfig       0x080009d1  0x2c0  Code  Gb  stm32f3xx_hal_rcc.o [1]
HAL_SYSTICK_CLKSourceConfig
                        0x08000ee7   0x14  Code  Gb  stm32f3xx_hal_cortex.o [1]
HAL_SYSTICK_Callback    0x08000f15    0x2  Code  Wk  stm32f3xx_hal_cortex.o [1]
HAL_SYSTICK_Config      0x08000ebf   0x28  Code  Gb  stm32f3xx_hal_cortex.o [1]
HAL_SYSTICK_IRQHandler  0x08000f11    0x4  Code  Gb  stm32f3xx_hal_cortex.o [1]
L_hit                   0x080003a7    0xc  Code  Gb  main.o [1]
Led_on                  0x08000189   0xb0  Code  Gb  main.o [1]
MX_GPIO_Init            0x080005f3  0x18a  Code  Lc  main.o [1]
NVIC_SetPriority        0x08000e51   0x1a  Code  Lc  stm32f3xx_hal_cortex.o [1]
NextState               0x20000009    0x1  Data  Gb  main.o [1]
R_hit                   0x080003b3    0xa  Code  Gb  main.o [1]
Region$$Table$$Base     0x080010b8          --   Gb  - Linker created -
Region$$Table$$Limit    0x080010cc          --   Gb  - Linker created -
Show_points             0x08000243   0xd6  Code  Gb  main.o [1]
State                   0x20000008    0x1  Data  Gb  main.o [1]
SysTick_Handler         0x08001131    0xe  Code  Gb  stm32f3xx_it.o [1]
SystemClock_Config      0x0800057f   0x74  Code  Gb  main.o [1]
SystemCoreClock         0x20000000    0x4  Data  Gb  system_stm32f3xx.o [1]
SystemInit              0x08000fc5   0x52  Code  Gb  system_stm32f3xx.o [1]
__cmain                 0x080010cd         Code  Gb  cmain.o [5]
__exit                  0x080010fd   0x14  Code  Gb  exit.o [6]
__iar_copy_init3        0x08001041   0x2c  Code  Gb  copy_init3.o [5]
__iar_data_init3        0x0800106d   0x28  Code  Gb  data_init.o [5]
__iar_init_vfp          0x08001095         Code  Gb  fpinit_M.o [4]
__iar_program_start     0x0800113f         Code  Gb  cstartup_M.o [5]
__low_level_init        0x080010e7    0x4  Code  Gb  low_level_init.o [3]
__vector_table          0x08000000         Data  Gb  startup_stm32f303xc.o [1]
_call_main              0x080010d9         Code  Gb  cmain.o [5]
_exit                   0x080010f1         Code  Gb  cexit.o [5]
_main                   0x080010e3         Code  Gb  cmain.o [5]
aPLLMULFactorTable      0x08000e30   0x10  Data  Gb  stm32f3xx_hal_rcc.o [1]
aPredivFactorTable      0x08000e40   0x10  Data  Gb  stm32f3xx_hal_rcc.o [1]
exit                    0x080010eb    0x4  Code  Gb  exit.o [3]
main                    0x080003c9  0x196  Code  Gb  main.o [1]
uwTick                  0x20000004    0x4  Data  Gb  stm32f3xx_hal.o [1]


[1] = C:\inbygdasystem\STM32Cube_FW_F3_V1.7.0\Eget projekt pingpong\Pingpong projekt\EWARM\Pingpong projekt\Obj
[2] = command line
[3] = dl7M_tlf.a
[4] = m7M_tls.a
[5] = rt7M_tl.a
[6] = shb_l.a

  4 700 bytes of readonly  code memory
     36 bytes of readonly  data memory
  1 034 bytes of readwrite data memory

Errors: none
Warnings: none
